C51 COMPILER V9.57.0.0   LAST_HOMEWORK                                                     07/06/2021 22:07:19 PAGE 1   


C51 COMPILER V9.57.0.0, COMPILATION OF MODULE LAST_HOMEWORK
OBJECT MODULE PLACED IN .\Objects\last_homework.obj
COMPILER INVOKED BY: C:\Keil_v5\C51\BIN\C51.EXE last_homework.c OPTIMIZE(8,SPEED) BROWSE DEBUG OBJECTEXTEND PRINT(.\List
                    -ings\last_homework.lst) TABS(2) OBJECT(.\Objects\last_homework.obj)

line level    source

   1          #include <reg51.h>
   2          sbit key1=P1^0;
   3          sbit key2=P1^1;
   4          sbit key3=P1^2;
   5          sbit key4=P1^3;
   6          sbit ns_green=P2^0;
   7          sbit ew_green=P2^3;
   8          sbit ns_yellow=P2^1;
   9          sbit ew_yellow=P2^4;
  10          sbit ns_red=P2^2;
  11          sbit ew_red=P2^5;
  12          sbit red_1=P3^0;
  13          sbit red_2=P3^1;
  14          sbit buzzer=P3^5;
  15          sbit set=P3^2;
  16          sbit plus=P3^6;
  17          sbit minus=P3^7;
  18          unsigned char flag_buzzer=0, flag_green_ns=0, flag_green_ew=0, flag_yellow_ns=0, flag_yellow_ew=0;
  19          unsigned char flag_setting1=0,flag_setting2=0,flag_set=0;
  20          unsigned char s[]={0xc0,0xf9,0xa4,0xb0,0x99,0x92,0x82,0xd8,0x80,0x90};
  21          unsigned char n1=15,n2=15;
  22          unsigned char timer_ns, timer_ew;
  23          
  24          
  25          void delay(unsigned char a){    
  26   1        unsigned char i,j;
  27   1        while(a--){
  28   2          for(i=0;i<2;i++){
  29   3            for(j=0;j<122;j++);
  30   3          }
  31   2        }
  32   1      }
  33          
  34          void display(void){                         
  35   1        char a,b;
  36   1        a=timer_ns/10; b=timer_ns%10;
  37   1        key1=0; key2=0; key3=0; key4=0;
  38   1        P0=s[b];
  39   1        key2=1;
  40   1        delay(2);
  41   1        key2=0;
  42   1        P0=s[a];
  43   1        key1=1;
  44   1        delay(2);
  45   1        key1=0;
  46   1        a=timer_ew/10; b=timer_ew%10; 
  47   1        P0=s[b];
  48   1        key4=1;
  49   1        delay(2);
  50   1        key4=0;
  51   1        P0=s[a];
  52   1        key3=1;
  53   1        delay(2);
  54   1        key3=0;
C51 COMPILER V9.57.0.0   LAST_HOMEWORK                                                     07/06/2021 22:07:19 PAGE 2   

  55   1      }
  56          
  57          void display_set(void){
  58   1        char a,b;
  59   1        a=n2/10; b=n2%10;
  60   1        key1=0; key2=0; key3=0; key4=0;
  61   1        P0=s[b];
  62   1        key2=1;
  63   1        delay(2);
  64   1        key2=0;
  65   1        P0=s[a];
  66   1        key1=1;
  67   1        delay(2);
  68   1        key1=0;
  69   1        a=n1/10; b=n1%10; 
  70   1        P0=s[b];
  71   1        key4=1;
  72   1        delay(2);
  73   1        key4=0;
  74   1        P0=s[a];
  75   1        key3=1;
  76   1        delay(2);
  77   1        key3=0;
  78   1      }
  79          void display_set1(void){
  80   1        char a,b;
  81   1        a=n1/10; b=n1%10; 
  82   1        P0=s[b];
  83   1        key4=1;
  84   1        delay(2);
  85   1        key4=0;
  86   1        P0=s[a];
  87   1        key3=1;
  88   1        delay(2);
  89   1        key3=0;
  90   1      }
  91          
  92          void display_set2(void){
  93   1        char a,b;
  94   1        a=n2/10; b=n2%10;
  95   1        key1=0; key2=0; key3=0; key4=0;
  96   1        P0=s[b];
  97   1        key2=1;
  98   1        delay(2);
  99   1        key2=0;
 100   1        P0=s[a];
 101   1        key1=1;
 102   1        delay(2);
 103   1        key1=0;
 104   1      }
 105          
 106          void EXINT0() interrupt 0{
 107   1        EX0=0;  delay(30); EX0=1;
 108   1        if(flag_set<2){
 109   2          if(flag_setting1==0){
 110   3            flag_setting1=1;
 111   3            flag_setting2=0;
 112   3          }
 113   2          else{
 114   3            flag_setting1=0;
 115   3            flag_setting2=1;
 116   3          }
C51 COMPILER V9.57.0.0   LAST_HOMEWORK                                                     07/06/2021 22:07:19 PAGE 3   

 117   2          flag_set++;
 118   2        }
 119   1        else
 120   1          flag_set=0;
 121   1      }
 122          
 123          void timer0() interrupt 1
 124          {
 125   1        static unsigned char i=0;
 126   1        TH0=(65536-50000)/256;
 127   1        TL0=(65536-50000)%256;
 128   1        i++;
 129   1        if(flag_set==0){
 130   2          if(i==10){
 131   3            if(flag_buzzer==1){
 132   4              buzzer=~buzzer;
 133   4            }
 134   3            if(flag_green_ns==1){
 135   4              ns_green=~ns_green;
 136   4            }
 137   3            if(flag_green_ew==1){
 138   4              ew_green=~ew_green;
 139   4            }
 140   3            if(flag_yellow_ns==1){
 141   4              ns_yellow=~ns_yellow;
 142   4            }
 143   3            if(flag_yellow_ew==1){
 144   4              ew_yellow=~ew_yellow;
 145   4            }
 146   3          }
 147   2          if(i==20){
 148   3            if(flag_buzzer==1){
 149   4              buzzer=~buzzer;
 150   4            }
 151   3            if(flag_green_ns==1){
 152   4              ns_green=~ns_green;
 153   4            }
 154   3            if(flag_green_ew==1){
 155   4              ew_green=~ew_green;
 156   4            }
 157   3            if(flag_yellow_ns==1){
 158   4              ns_yellow=~ns_yellow;
 159   4            }
 160   3            if(flag_yellow_ew==1){
 161   4              ew_yellow=~ew_yellow;
 162   4            }
 163   3            timer_ns=timer_ns-1;
 164   3            timer_ew=timer_ew-1;
 165   3            i=0;
 166   3          }
 167   2        }
 168   1        else{
 169   2          if(i<=10){
 170   3            display_set();
 171   3          }
 172   2          else if(i<20){
 173   3            if(flag_setting1==1){
 174   4              key3=0; key4=0;
 175   4              display_set2();
 176   4            }
 177   3            else{
 178   4              key1=0; key2=0;
C51 COMPILER V9.57.0.0   LAST_HOMEWORK                                                     07/06/2021 22:07:19 PAGE 4   

 179   4              display_set1();
 180   4            }
 181   3          }
 182   2          else{
 183   3            i=0;
 184   3            display_set();
 185   3          }
 186   2        }
 187   1      }
 188          
 189          int main(void){
 190   1        P1=0x00;
 191   1        P0=0x00;
 192   1        timer_ns=n1;
 193   1        timer_ew=n1+3;
 194   1        
 195   1        EA=1;
 196   1        TMOD=0x01;
 197   1        TH0=(65536-50000)/256;
 198   1        TL0=(65536-50000)%256;
 199   1        TH1=(65536-50000)/256;
 200   1        TL1=(65536-50000)%256;
 201   1        EA=1;
 202   1        EX0=1;
 203   1        IT0=1;
 204   1        ET0=1;
 205   1        TR0=1;
 206   1        
 207   1        while(1){
 208   2          P2=0x00;
 209   2          red_1=0;
 210   2          red_2=0;
 211   2          buzzer=0;
 212   2          timer_ns=n1;
 213   2          timer_ew=n1+3;
 214   2          TR0=1;
 215   2          while(flag_set){
 216   3            //display_set();
 217   3            if(flag_setting1==1){
 218   4              if(plus==0&&n1<20){
 219   5                while(!plus);
 220   5                n1++;
 221   5              }
 222   4              if(minus==0&&n1>10){
 223   5                while(!minus);
 224   5                n1--;
 225   5              }
 226   4            }
 227   3            else
 228   3              if(plus==0&&n2<20){
 229   4                while(!plus);
 230   4                n2++;
 231   4              }
 232   3              if(minus==0&&n2>10){
 233   4                while(!minus);
 234   4                n2--;
 235   4              }
 236   3          }
 237   2          while(timer_ns>3&&flag_set==0){
 238   3            display();
 239   3            ns_green=1;
 240   3            ew_red=1;
C51 COMPILER V9.57.0.0   LAST_HOMEWORK                                                     07/06/2021 22:07:19 PAGE 5   

 241   3            red_2=1;
 242   3          }
 243   2          while(timer_ns>0&&flag_set==0){
 244   3            display();
 245   3            flag_buzzer=1;
 246   3            flag_green_ns=1;
 247   3          }
 248   2          flag_buzzer=0;
 249   2          flag_green_ns=0;
 250   2          timer_ns+=3;
 251   2          while(timer_ew>0&&flag_set==0){
 252   3            display();
 253   3            ns_green=0;
 254   3            red_1=1;
 255   3            flag_yellow_ns=1;
 256   3          }
 257   2          flag_yellow_ns=0;
 258   2          timer_ns=n2+3;
 259   2          timer_ew=n2;
 260   2          P2=0x00;
 261   2          red_1=0;
 262   2          red_2=0;
 263   2          while(timer_ew>3&&flag_set==0){
 264   3            display();
 265   3            ew_green=1;
 266   3            ns_red=1;
 267   3            red_1=1;
 268   3          }
 269   2          while(timer_ew>0&&flag_set==0){
 270   3            display();
 271   3            flag_buzzer=1;
 272   3            flag_green_ew=1;
 273   3          }
 274   2          flag_buzzer=0;
 275   2          flag_green_ew=0;
 276   2          timer_ew+=3;
 277   2          while(timer_ns>0&&flag_set==0){
 278   3            display();
 279   3            ew_green=0;
 280   3            red_2=1;
 281   3            flag_yellow_ew=1;
 282   3          }
 283   2          flag_yellow_ew=0;
 284   2        }
 285   1      } 


MODULE INFORMATION:   STATIC OVERLAYABLE
   CODE SIZE        =    827    ----
   CONSTANT SIZE    =   ----    ----
   XDATA SIZE       =   ----    ----
   PDATA SIZE       =   ----    ----
   DATA SIZE        =     23    ----
   IDATA SIZE       =   ----    ----
   BIT SIZE         =   ----    ----
END OF MODULE INFORMATION.


C51 COMPILATION COMPLETE.  0 WARNING(S),  0 ERROR(S)
